src/app/admin/page.tsx(285,52): error TS2339: Property 'badge' does not exist on type '{ readonly key: "products"; readonly label: `Products (${number})`; } | { readonly key: "orders"; readonly label: `Orders (${number})`; } | { readonly key: "messages"; readonly label: `Messages (${number})`; readonly badge: number; }'.
